2026-06-29 13:16:14,499 [INFO] chiba_asakan.collect_news: === ネタ収集開始: date=2026-06-29 ===
2026-06-29 13:16:14,513 [INFO] chiba_asakan.sources.manager: ソース構築: 有効=4 / フィード設定済み=PR TIMES
2026-06-29 13:16:15,835 [INFO] chiba_asakan.sources: PR TIMES: 2 件取得
2026-06-29 13:16:15,835 [INFO] chiba_asakan.sources: 千葉県報道発表: 0 件取得
2026-06-29 13:16:15,835 [INFO] chiba_asakan.sources: ちば観光・イベント: 0 件取得
2026-06-29 13:16:15,835 [INFO] chiba_asakan.sources: 千葉の商業・経済: 0 件取得
2026-06-29 13:16:15,835 [INFO] chiba_asakan.sources.manager: 巡回完了: 合計 2 件（重複除去後）
2026-06-29 13:16:15,836 [INFO] chiba_asakan.source_store: ネタを保存: 2026-06-29.json (2件)
2026-06-29 13:16:15,836 [INFO] chiba_asakan.pipeline: 収集結果: 取得=2 除外=0 候補(>=20点)=0
2026-06-29 13:16:15,836 [INFO] chiba_asakan.collect_news: === ネタ収集終了: 取得=2 候補=0 除外=0 ===
2026-06-30 10:37:01,046 [INFO] chiba_asakan.collect_news: === ネタ収集開始: date=2026-06-30 ===
2026-06-30 10:37:01,062 [INFO] chiba_asakan.sources.manager: ソース構築: 有効=4 / フィード設定済み=PR TIMES
2026-06-30 10:37:02,066 [INFO] chiba_asakan.sources: PR TIMES: 7 件取得
2026-06-30 10:37:02,066 [INFO] chiba_asakan.sources: 千葉県報道発表: 0 件取得
2026-06-30 10:37:02,066 [INFO] chiba_asakan.sources: ちば観光・イベント: 0 件取得
2026-06-30 10:37:02,066 [INFO] chiba_asakan.sources: 千葉の商業・経済: 0 件取得
2026-06-30 10:37:02,066 [INFO] chiba_asakan.sources.manager: 巡回完了: 合計 7 件（重複除去後）
2026-06-30 10:37:02,068 [INFO] chiba_asakan.source_store: ネタを保存: 2026-06-30.json (7件)
2026-06-30 10:37:02,068 [INFO] chiba_asakan.pipeline: 収集結果: 取得=7 除外=0 候補(>=20点)=0
2026-06-30 10:37:02,068 [INFO] chiba_asakan.collect_news: === ネタ収集終了: 取得=7 候補=0 除外=0 ===
2026-07-01 10:52:49,121 [INFO] chiba_asakan.collect_news: === ネタ収集開始: date=2026-07-01 ===
2026-07-01 10:52:49,127 [INFO] chiba_asakan.sources.manager: ソース構築: 有効=4 / フィード設定済み=PR TIMES
2026-07-01 10:52:49,788 [INFO] chiba_asakan.sources: PR TIMES: 4 件取得
2026-07-01 10:52:49,788 [INFO] chiba_asakan.sources: 千葉県報道発表: 0 件取得
2026-07-01 10:52:49,788 [INFO] chiba_asakan.sources: ちば観光・イベント: 0 件取得
2026-07-01 10:52:49,788 [INFO] chiba_asakan.sources: 千葉の商業・経済: 0 件取得
2026-07-01 10:52:49,788 [INFO] chiba_asakan.sources.manager: 巡回完了: 合計 4 件（重複除去後）
2026-07-01 10:52:49,789 [INFO] chiba_asakan.source_store: ネタを保存: 2026-07-01.json (4件)
2026-07-01 10:52:49,789 [INFO] chiba_asakan.pipeline: 収集結果: 取得=4 除外=0 候補(>=20点)=0
2026-07-01 10:52:49,789 [INFO] chiba_asakan.collect_news: === ネタ収集終了: 取得=4 候補=0 除外=0 ===
2026-07-02 08:32:42,008 [INFO] chiba_asakan.collect_news: === ネタ収集開始: date=2026-07-02 ===
2026-07-02 08:32:42,025 [INFO] chiba_asakan.sources.manager: ソース構築: 有効=4 / フィード設定済み=PR TIMES
2026-07-02 08:32:43,697 [INFO] chiba_asakan.sources: PR TIMES: 2 件取得
2026-07-02 08:32:43,697 [INFO] chiba_asakan.sources: 千葉県報道発表: 0 件取得
2026-07-02 08:32:43,697 [INFO] chiba_asakan.sources: ちば観光・イベント: 0 件取得
2026-07-02 08:32:43,697 [INFO] chiba_asakan.sources: 千葉の商業・経済: 0 件取得
2026-07-02 08:32:43,697 [INFO] chiba_asakan.sources.manager: 巡回完了: 合計 2 件（重複除去後）
2026-07-02 08:32:43,698 [INFO] chiba_asakan.source_store: ネタを保存: 2026-07-02.json (2件)
2026-07-02 08:32:43,698 [INFO] chiba_asakan.pipeline: 収集結果: 取得=2 除外=0 候補(>=20点)=0
2026-07-02 08:32:43,698 [INFO] chiba_asakan.collect_news: === ネタ収集終了: 取得=2 候補=0 除外=0 ===
2026-07-03 08:40:40,236 [INFO] chiba_asakan.collect_news: === ネタ収集開始: date=2026-07-03 ===
2026-07-03 08:40:40,251 [INFO] chiba_asakan.sources.manager: ソース構築: 有効=4 / フィード設定済み=PR TIMES
2026-07-03 08:40:41,220 [INFO] chiba_asakan.sources: PR TIMES: 5 件取得
2026-07-03 08:40:41,220 [INFO] chiba_asakan.sources: 千葉県報道発表: 0 件取得
2026-07-03 08:40:41,220 [INFO] chiba_asakan.sources: ちば観光・イベント: 0 件取得
2026-07-03 08:40:41,220 [INFO] chiba_asakan.sources: 千葉の商業・経済: 0 件取得
2026-07-03 08:40:41,220 [INFO] chiba_asakan.sources.manager: 巡回完了: 合計 5 件（重複除去後）
2026-07-03 08:40:41,222 [INFO] chiba_asakan.source_store: ネタを保存: 2026-07-03.json (5件)
2026-07-03 08:40:41,222 [INFO] chiba_asakan.pipeline: 収集結果: 取得=5 除外=0 候補(>=20点)=0
2026-07-03 08:40:41,222 [INFO] chiba_asakan.collect_news: === ネタ収集終了: 取得=5 候補=0 除外=0 ===
2026-07-06 12:26:40,685 [INFO] chiba_asakan.collect_news: === ネタ収集開始: date=2026-07-06 ===
2026-07-06 12:26:40,698 [INFO] chiba_asakan.sources.manager: ソース構築: 有効=4 / フィード設定済み=PR TIMES
2026-07-06 12:26:41,326 [INFO] chiba_asakan.sources: PR TIMES: 2 件取得
2026-07-06 12:26:41,326 [INFO] chiba_asakan.sources: 千葉県報道発表: 0 件取得
2026-07-06 12:26:41,326 [INFO] chiba_asakan.sources: ちば観光・イベント: 0 件取得
2026-07-06 12:26:41,326 [INFO] chiba_asakan.sources: 千葉の商業・経済: 0 件取得
2026-07-06 12:26:41,326 [INFO] chiba_asakan.sources.manager: 巡回完了: 合計 2 件（重複除去後）
2026-07-06 12:26:41,327 [INFO] chiba_asakan.source_store: ネタを保存: 2026-07-06.json (2件)
2026-07-06 12:26:41,327 [INFO] chiba_asakan.pipeline: 収集結果: 取得=2 除外=0 候補(>=20点)=0
2026-07-06 12:26:41,327 [INFO] chiba_asakan.collect_news: === ネタ収集終了: 取得=2 候補=0 除外=0 ===
2026-07-07 10:31:22,622 [INFO] chiba_asakan.collect_news: === ネタ収集開始: date=2026-07-07 ===
2026-07-07 10:31:22,628 [INFO] chiba_asakan.sources.manager: ソース構築: 有効=4 / フィード設定済み=PR TIMES
2026-07-07 10:31:23,615 [INFO] chiba_asakan.sources: PR TIMES: 4 件取得
2026-07-07 10:31:23,615 [INFO] chiba_asakan.sources: 千葉県報道発表: 0 件取得
2026-07-07 10:31:23,615 [INFO] chiba_asakan.sources: ちば観光・イベント: 0 件取得
2026-07-07 10:31:23,615 [INFO] chiba_asakan.sources: 千葉の商業・経済: 0 件取得
2026-07-07 10:31:23,615 [INFO] chiba_asakan.sources.manager: 巡回完了: 合計 4 件（重複除去後）
2026-07-07 10:31:23,616 [INFO] chiba_asakan.source_store: ネタを保存: 2026-07-07.json (4件)
2026-07-07 10:31:23,617 [INFO] chiba_asakan.pipeline: 収集結果: 取得=4 除外=0 候補(>=20点)=0
2026-07-07 10:31:23,617 [INFO] chiba_asakan.collect_news: === ネタ収集終了: 取得=4 候補=0 除外=0 ===
2026-07-08 06:40:16,423 [INFO] chiba_asakan.collect_news: === ネタ収集開始: date=2026-07-08 ===
2026-07-08 06:40:16,429 [INFO] chiba_asakan.sources.manager: ソース構築: 有効=4 / フィード設定済み=PR TIMES
2026-07-08 06:40:17,183 [INFO] chiba_asakan.sources: PR TIMES: 7 件取得
2026-07-08 06:40:17,183 [INFO] chiba_asakan.sources: 千葉県報道発表: 0 件取得
2026-07-08 06:40:17,183 [INFO] chiba_asakan.sources: ちば観光・イベント: 0 件取得
2026-07-08 06:40:17,183 [INFO] chiba_asakan.sources: 千葉の商業・経済: 0 件取得
2026-07-08 06:40:17,183 [INFO] chiba_asakan.sources.manager: 巡回完了: 合計 7 件（重複除去後）
2026-07-08 06:40:17,184 [INFO] chiba_asakan.source_store: ネタを保存: 2026-07-08.json (7件)
2026-07-08 06:40:17,185 [INFO] chiba_asakan.pipeline: 収集結果: 取得=7 除外=0 候補(>=20点)=0
2026-07-08 06:40:17,185 [INFO] chiba_asakan.collect_news: === ネタ収集終了: 取得=7 候補=0 除外=0 ===
2026-07-09 10:31:02,763 [INFO] chiba_asakan.collect_news: === ネタ収集開始: date=2026-07-09 ===
2026-07-09 10:31:02,806 [INFO] chiba_asakan.sources.manager: ソース構築: 有効=4 / フィード設定済み=PR TIMES
2026-07-09 10:31:05,415 [INFO] chiba_asakan.sources: PR TIMES: 5 件取得
2026-07-09 10:31:05,415 [INFO] chiba_asakan.sources: 千葉県報道発表: 0 件取得
2026-07-09 10:31:05,415 [INFO] chiba_asakan.sources: ちば観光・イベント: 0 件取得
2026-07-09 10:31:05,415 [INFO] chiba_asakan.sources: 千葉の商業・経済: 0 件取得
2026-07-09 10:31:05,415 [INFO] chiba_asakan.sources.manager: 巡回完了: 合計 5 件（重複除去後）
2026-07-09 10:31:05,416 [INFO] chiba_asakan.source_store: ネタを保存: 2026-07-09.json (5件)
2026-07-09 10:31:05,416 [INFO] chiba_asakan.pipeline: 収集結果: 取得=5 除外=1 候補(>=20点)=0
2026-07-09 10:31:05,416 [INFO] chiba_asakan.collect_news: === ネタ収集終了: 取得=5 候補=0 除外=1 ===
2026-07-10 10:29:01,580 [INFO] chiba_asakan.collect_news: === ネタ収集開始: date=2026-07-10 ===
2026-07-10 10:29:01,617 [INFO] chiba_asakan.sources.manager: ソース構築: 有効=4 / フィード設定済み=PR TIMES
2026-07-10 10:29:02,876 [INFO] chiba_asakan.sources: PR TIMES: 3 件取得
2026-07-10 10:29:02,877 [INFO] chiba_asakan.sources: 千葉県報道発表: 0 件取得
2026-07-10 10:29:02,877 [INFO] chiba_asakan.sources: ちば観光・イベント: 0 件取得
2026-07-10 10:29:02,877 [INFO] chiba_asakan.sources: 千葉の商業・経済: 0 件取得
2026-07-10 10:29:02,877 [INFO] chiba_asakan.sources.manager: 巡回完了: 合計 3 件（重複除去後）
2026-07-10 10:29:02,878 [INFO] chiba_asakan.source_store: ネタを保存: 2026-07-10.json (3件)
2026-07-10 10:29:02,878 [INFO] chiba_asakan.pipeline: 収集結果: 取得=3 除外=1 候補(>=20点)=0
2026-07-10 10:29:02,878 [INFO] chiba_asakan.collect_news: === ネタ収集終了: 取得=3 候補=0 除外=1 ===
2026-07-13 08:36:22,354 [INFO] chiba_asakan.collect_news: === ネタ収集開始: date=2026-07-13 ===
2026-07-13 08:36:22,361 [INFO] chiba_asakan.sources.manager: ソース構築: 有効=4 / フィード設定済み=PR TIMES
2026-07-13 08:36:22,868 [INFO] chiba_asakan.sources: PR TIMES: 5 件取得
2026-07-13 08:36:22,868 [INFO] chiba_asakan.sources: 千葉県報道発表: 0 件取得
2026-07-13 08:36:22,868 [INFO] chiba_asakan.sources: ちば観光・イベント: 0 件取得
2026-07-13 08:36:22,868 [INFO] chiba_asakan.sources: 千葉の商業・経済: 0 件取得
2026-07-13 08:36:22,869 [INFO] chiba_asakan.sources.manager: 巡回完了: 合計 5 件（重複除去後）
2026-07-13 08:36:22,870 [INFO] chiba_asakan.source_store: ネタを保存: 2026-07-13.json (5件)
2026-07-13 08:36:22,870 [INFO] chiba_asakan.pipeline: 収集結果: 取得=5 除外=0 候補(>=20点)=0
2026-07-13 08:36:22,870 [INFO] chiba_asakan.collect_news: === ネタ収集終了: 取得=5 候補=0 除外=0 ===
2026-07-14 00:13:54,275 [INFO] chiba_asakan.collect_news: === ネタ収集開始: date=2026-07-14 ===
2026-07-14 00:13:54,294 [INFO] chiba_asakan.sources.manager: ソース構築: 有効=4 / フィード設定済み=PR TIMES
2026-07-14 00:13:55,717 [INFO] chiba_asakan.sources: PR TIMES: 7 件取得
2026-07-14 00:13:55,717 [INFO] chiba_asakan.sources: 千葉県報道発表: 0 件取得
2026-07-14 00:13:55,717 [INFO] chiba_asakan.sources: ちば観光・イベント: 0 件取得
2026-07-14 00:13:55,717 [INFO] chiba_asakan.sources: 千葉の商業・経済: 0 件取得
2026-07-14 00:13:55,717 [INFO] chiba_asakan.sources.manager: 巡回完了: 合計 7 件（重複除去後）
2026-07-14 00:13:55,718 [INFO] chiba_asakan.source_store: ネタを保存: 2026-07-14.json (7件)
2026-07-14 00:13:55,718 [INFO] chiba_asakan.pipeline: 収集結果: 取得=7 除外=0 候補(>=20点)=0
2026-07-14 00:13:55,718 [INFO] chiba_asakan.collect_news: === ネタ収集終了: 取得=7 候補=0 除外=0 ===
2026-07-15 00:11:58,881 [INFO] chiba_asakan.collect_news: === ネタ収集開始: date=2026-07-15 ===
2026-07-15 00:11:58,895 [INFO] chiba_asakan.sources.manager: ソース構築: 有効=4 / フィード設定済み=PR TIMES
2026-07-15 00:11:59,920 [INFO] chiba_asakan.sources: PR TIMES: 4 件取得
2026-07-15 00:11:59,920 [INFO] chiba_asakan.sources: 千葉県報道発表: 0 件取得
2026-07-15 00:11:59,920 [INFO] chiba_asakan.sources: ちば観光・イベント: 0 件取得
2026-07-15 00:11:59,921 [INFO] chiba_asakan.sources: 千葉の商業・経済: 0 件取得
2026-07-15 00:11:59,921 [INFO] chiba_asakan.sources.manager: 巡回完了: 合計 4 件（重複除去後）
2026-07-15 00:11:59,922 [INFO] chiba_asakan.source_store: ネタを保存: 2026-07-15.json (4件)
2026-07-15 00:11:59,922 [INFO] chiba_asakan.pipeline: 収集結果: 取得=4 除外=1 候補(>=20点)=0
2026-07-15 00:11:59,922 [INFO] chiba_asakan.collect_news: === ネタ収集終了: 取得=4 候補=0 除外=1 ===
2026-07-16 06:07:11,220 [INFO] chiba_asakan.collect_news: === ネタ収集開始: date=2026-07-16 ===
2026-07-16 06:07:11,235 [INFO] chiba_asakan.sources.manager: ソース構築: 有効=4 / フィード設定済み=PR TIMES
2026-07-16 06:07:12,694 [INFO] chiba_asakan.sources: PR TIMES: 10 件取得
2026-07-16 06:07:12,695 [INFO] chiba_asakan.sources: 千葉県報道発表: 0 件取得
2026-07-16 06:07:12,695 [INFO] chiba_asakan.sources: ちば観光・イベント: 0 件取得
2026-07-16 06:07:12,695 [INFO] chiba_asakan.sources: 千葉の商業・経済: 0 件取得
2026-07-16 06:07:12,695 [INFO] chiba_asakan.sources.manager: 巡回完了: 合計 10 件（重複除去後）
2026-07-16 06:07:12,696 [INFO] chiba_asakan.source_store: ネタを保存: 2026-07-16.json (10件)
2026-07-16 06:07:12,696 [INFO] chiba_asakan.pipeline: 収集結果: 取得=10 除外=1 候補(>=20点)=0
2026-07-16 06:07:12,696 [INFO] chiba_asakan.collect_news: === ネタ収集終了: 取得=10 候補=0 除外=1 ===
2026-07-16 22:28:54,516 [INFO] chiba_asakan.collect_news: === ネタ収集開始: date=2026-07-17 ===
2026-07-16 22:28:54,529 [INFO] chiba_asakan.sources.manager: ソース構築: 有効=4 / フィード設定済み=PR TIMES
2026-07-16 22:28:56,041 [INFO] chiba_asakan.sources: PR TIMES: 4 件取得
2026-07-16 22:28:56,041 [INFO] chiba_asakan.sources: 千葉県報道発表: 0 件取得
2026-07-16 22:28:56,041 [INFO] chiba_asakan.sources: ちば観光・イベント: 0 件取得
2026-07-16 22:28:56,041 [INFO] chiba_asakan.sources: 千葉の商業・経済: 0 件取得
2026-07-16 22:28:56,041 [INFO] chiba_asakan.sources.manager: 巡回完了: 合計 4 件（重複除去後）
2026-07-16 22:28:56,042 [INFO] chiba_asakan.source_store: ネタを保存: 2026-07-17.json (4件)
2026-07-16 22:28:56,042 [INFO] chiba_asakan.pipeline: 収集結果: 取得=4 除外=0 候補(>=20点)=0
2026-07-16 22:28:56,042 [INFO] chiba_asakan.collect_news: === ネタ収集終了: 取得=4 候補=0 除外=0 ===
2026-07-19 22:25:32,978 [INFO] chiba_asakan.collect_news: === ネタ収集開始: date=2026-07-20 ===
2026-07-19 22:25:32,995 [INFO] chiba_asakan.sources.manager: ソース構築: 有効=4 / フィード設定済み=PR TIMES
2026-07-19 22:25:34,465 [INFO] chiba_asakan.sources: PR TIMES: 5 件取得
2026-07-19 22:25:34,465 [INFO] chiba_asakan.sources: 千葉県報道発表: 0 件取得
2026-07-19 22:25:34,465 [INFO] chiba_asakan.sources: ちば観光・イベント: 0 件取得
2026-07-19 22:25:34,466 [INFO] chiba_asakan.sources: 千葉の商業・経済: 0 件取得
2026-07-19 22:25:34,466 [INFO] chiba_asakan.sources.manager: 巡回完了: 合計 5 件（重複除去後）
2026-07-19 22:25:34,467 [INFO] chiba_asakan.source_store: ネタを保存: 2026-07-20.json (5件)
2026-07-19 22:25:34,467 [INFO] chiba_asakan.pipeline: 収集結果: 取得=5 除外=0 候補(>=20点)=0
2026-07-19 22:25:34,467 [INFO] chiba_asakan.collect_news: === ネタ収集終了: 取得=5 候補=0 除外=0 ===
2026-07-20 22:30:34,837 [INFO] chiba_asakan.collect_news: === ネタ収集開始: date=2026-07-21 ===
2026-07-20 22:30:34,851 [INFO] chiba_asakan.sources.manager: ソース構築: 有効=4 / フィード設定済み=PR TIMES
2026-07-20 22:30:35,747 [INFO] chiba_asakan.sources: PR TIMES: 8 件取得
2026-07-20 22:30:35,747 [INFO] chiba_asakan.sources: 千葉県報道発表: 0 件取得
2026-07-20 22:30:35,747 [INFO] chiba_asakan.sources: ちば観光・イベント: 0 件取得
2026-07-20 22:30:35,747 [INFO] chiba_asakan.sources: 千葉の商業・経済: 0 件取得
2026-07-20 22:30:35,747 [INFO] chiba_asakan.sources.manager: 巡回完了: 合計 8 件（重複除去後）
2026-07-20 22:30:35,749 [INFO] chiba_asakan.source_store: ネタを保存: 2026-07-21.json (8件)
2026-07-20 22:30:35,749 [INFO] chiba_asakan.pipeline: 収集結果: 取得=8 除外=0 候補(>=20点)=0
2026-07-20 22:30:35,749 [INFO] chiba_asakan.collect_news: === ネタ収集終了: 取得=8 候補=0 除外=0 ===
2026-07-21 22:26:53,444 [INFO] chiba_asakan.collect_news: === ネタ収集開始: date=2026-07-22 ===
2026-07-21 22:26:53,450 [INFO] chiba_asakan.sources.manager: ソース構築: 有効=4 / フィード設定済み=PR TIMES
2026-07-21 22:26:54,368 [INFO] chiba_asakan.sources: PR TIMES: 5 件取得
2026-07-21 22:26:54,368 [INFO] chiba_asakan.sources: 千葉県報道発表: 0 件取得
2026-07-21 22:26:54,368 [INFO] chiba_asakan.sources: ちば観光・イベント: 0 件取得
2026-07-21 22:26:54,368 [INFO] chiba_asakan.sources: 千葉の商業・経済: 0 件取得
2026-07-21 22:26:54,368 [INFO] chiba_asakan.sources.manager: 巡回完了: 合計 5 件（重複除去後）
2026-07-21 22:26:54,369 [INFO] chiba_asakan.source_store: ネタを保存: 2026-07-22.json (5件)
2026-07-21 22:26:54,369 [INFO] chiba_asakan.pipeline: 収集結果: 取得=5 除外=1 候補(>=20点)=0
2026-07-21 22:26:54,369 [INFO] chiba_asakan.collect_news: === ネタ収集終了: 取得=5 候補=0 除外=1 ===
2026-07-22 22:33:11,119 [INFO] chiba_asakan.collect_news: === ネタ収集開始: date=2026-07-23 ===
2026-07-22 22:33:11,137 [INFO] chiba_asakan.sources.manager: ソース構築: 有効=4 / フィード設定済み=PR TIMES
2026-07-22 22:33:12,342 [INFO] chiba_asakan.sources: PR TIMES: 4 件取得
2026-07-22 22:33:12,342 [INFO] chiba_asakan.sources: 千葉県報道発表: 0 件取得
2026-07-22 22:33:12,342 [INFO] chiba_asakan.sources: ちば観光・イベント: 0 件取得
2026-07-22 22:33:12,342 [INFO] chiba_asakan.sources: 千葉の商業・経済: 0 件取得
2026-07-22 22:33:12,343 [INFO] chiba_asakan.sources.manager: 巡回完了: 合計 4 件（重複除去後）
2026-07-22 22:33:12,343 [INFO] chiba_asakan.source_store: ネタを保存: 2026-07-23.json (4件)
2026-07-22 22:33:12,344 [INFO] chiba_asakan.pipeline: 収集結果: 取得=4 除外=0 候補(>=20点)=0
2026-07-22 22:33:12,344 [INFO] chiba_asakan.collect_news: === ネタ収集終了: 取得=4 候補=0 除外=0 ===
2026-07-23 22:31:14,613 [INFO] chiba_asakan.collect_news: === ネタ収集開始: date=2026-07-24 ===
2026-07-23 22:31:14,619 [INFO] chiba_asakan.sources.manager: ソース構築: 有効=4 / フィード設定済み=PR TIMES
2026-07-23 22:31:15,786 [INFO] chiba_asakan.sources: PR TIMES: 2 件取得
2026-07-23 22:31:15,786 [INFO] chiba_asakan.sources: 千葉県報道発表: 0 件取得
2026-07-23 22:31:15,786 [INFO] chiba_asakan.sources: ちば観光・イベント: 0 件取得
2026-07-23 22:31:15,786 [INFO] chiba_asakan.sources: 千葉の商業・経済: 0 件取得
2026-07-23 22:31:15,786 [INFO] chiba_asakan.sources.manager: 巡回完了: 合計 2 件（重複除去後）
2026-07-23 22:31:15,787 [INFO] chiba_asakan.source_store: ネタを保存: 2026-07-24.json (2件)
2026-07-23 22:31:15,787 [INFO] chiba_asakan.pipeline: 収集結果: 取得=2 除外=1 候補(>=20点)=0
2026-07-23 22:31:15,787 [INFO] chiba_asakan.collect_news: === ネタ収集終了: 取得=2 候補=0 除外=1 ===
2026-07-26 22:29:56,593 [INFO] chiba_asakan.collect_news: === ネタ収集開始: date=2026-07-27 ===
2026-07-26 22:29:56,612 [INFO] chiba_asakan.sources.manager: ソース構築: 有効=4 / フィード設定済み=PR TIMES
2026-07-26 22:29:57,541 [INFO] chiba_asakan.sources: PR TIMES: 5 件取得
2026-07-26 22:29:57,542 [INFO] chiba_asakan.sources: 千葉県報道発表: 0 件取得
2026-07-26 22:29:57,542 [INFO] chiba_asakan.sources: ちば観光・イベント: 0 件取得
2026-07-26 22:29:57,542 [INFO] chiba_asakan.sources: 千葉の商業・経済: 0 件取得
2026-07-26 22:29:57,542 [INFO] chiba_asakan.sources.manager: 巡回完了: 合計 5 件（重複除去後）
2026-07-26 22:29:57,543 [INFO] chiba_asakan.source_store: ネタを保存: 2026-07-27.json (5件)
2026-07-26 22:29:57,543 [INFO] chiba_asakan.pipeline: 収集結果: 取得=5 除外=0 候補(>=20点)=0
2026-07-26 22:29:57,543 [INFO] chiba_asakan.collect_news: === ネタ収集終了: 取得=5 候補=0 除外=0 ===
2026-07-27 22:33:44,597 [INFO] chiba_asakan.collect_news: === ネタ収集開始: date=2026-07-28 ===
2026-07-27 22:33:44,611 [INFO] chiba_asakan.sources.manager: ソース構築: 有効=4 / フィード設定済み=PR TIMES
2026-07-27 22:33:46,347 [INFO] chiba_asakan.sources: PR TIMES: 5 件取得
2026-07-27 22:33:46,347 [INFO] chiba_asakan.sources: 千葉県報道発表: 0 件取得
2026-07-27 22:33:46,347 [INFO] chiba_asakan.sources: ちば観光・イベント: 0 件取得
2026-07-27 22:33:46,347 [INFO] chiba_asakan.sources: 千葉の商業・経済: 0 件取得
2026-07-27 22:33:46,347 [INFO] chiba_asakan.sources.manager: 巡回完了: 合計 5 件（重複除去後）
2026-07-27 22:33:46,348 [INFO] chiba_asakan.source_store: ネタを保存: 2026-07-28.json (5件)
2026-07-27 22:33:46,348 [INFO] chiba_asakan.pipeline: 収集結果: 取得=5 除外=0 候補(>=20点)=0
2026-07-27 22:33:46,348 [INFO] chiba_asakan.collect_news: === ネタ収集終了: 取得=5 候補=0 除外=0 ===
2026-07-28 22:33:39,831 [INFO] chiba_asakan.collect_news: === ネタ収集開始: date=2026-07-29 ===
2026-07-28 22:33:39,837 [INFO] chiba_asakan.sources.manager: ソース構築: 有効=4 / フィード設定済み=PR TIMES
2026-07-28 22:33:40,713 [INFO] chiba_asakan.sources: PR TIMES: 3 件取得
2026-07-28 22:33:40,713 [INFO] chiba_asakan.sources: 千葉県報道発表: 0 件取得
2026-07-28 22:33:40,713 [INFO] chiba_asakan.sources: ちば観光・イベント: 0 件取得
2026-07-28 22:33:40,713 [INFO] chiba_asakan.sources: 千葉の商業・経済: 0 件取得
2026-07-28 22:33:40,713 [INFO] chiba_asakan.sources.manager: 巡回完了: 合計 3 件（重複除去後）
2026-07-28 22:33:40,714 [INFO] chiba_asakan.source_store: ネタを保存: 2026-07-29.json (3件)
2026-07-28 22:33:40,714 [INFO] chiba_asakan.pipeline: 収集結果: 取得=3 除外=0 候補(>=20点)=0
2026-07-28 22:33:40,714 [INFO] chiba_asakan.collect_news: === ネタ収集終了: 取得=3 候補=0 除外=0 ===
2026-07-29 22:28:34,918 [INFO] chiba_asakan.collect_news: === ネタ収集開始: date=2026-07-30 ===
2026-07-29 22:28:34,925 [INFO] chiba_asakan.sources.manager: ソース構築: 有効=4 / フィード設定済み=PR TIMES
2026-07-29 22:28:35,875 [INFO] chiba_asakan.sources: PR TIMES: 4 件取得
2026-07-29 22:28:35,875 [INFO] chiba_asakan.sources: 千葉県報道発表: 0 件取得
2026-07-29 22:28:35,875 [INFO] chiba_asakan.sources: ちば観光・イベント: 0 件取得
2026-07-29 22:28:35,875 [INFO] chiba_asakan.sources: 千葉の商業・経済: 0 件取得
2026-07-29 22:28:35,875 [INFO] chiba_asakan.sources.manager: 巡回完了: 合計 4 件（重複除去後）
2026-07-29 22:28:35,876 [INFO] chiba_asakan.source_store: ネタを保存: 2026-07-30.json (4件)
2026-07-29 22:28:35,876 [INFO] chiba_asakan.pipeline: 収集結果: 取得=4 除外=0 候補(>=20点)=0
2026-07-29 22:28:35,876 [INFO] chiba_asakan.collect_news: === ネタ収集終了: 取得=4 候補=0 除外=0 ===
2026-07-30 22:35:27,474 [INFO] chiba_asakan.collect_news: === ネタ収集開始: date=2026-07-31 ===
2026-07-30 22:35:27,491 [INFO] chiba_asakan.sources.manager: ソース構築: 有効=4 / フィード設定済み=PR TIMES
2026-07-30 22:35:27,971 [INFO] chiba_asakan.sources: PR TIMES: 2 件取得
2026-07-30 22:35:27,971 [INFO] chiba_asakan.sources: 千葉県報道発表: 0 件取得
2026-07-30 22:35:27,971 [INFO] chiba_asakan.sources: ちば観光・イベント: 0 件取得
2026-07-30 22:35:27,971 [INFO] chiba_asakan.sources: 千葉の商業・経済: 0 件取得
2026-07-30 22:35:27,971 [INFO] chiba_asakan.sources.manager: 巡回完了: 合計 2 件（重複除去後）
2026-07-30 22:35:27,972 [INFO] chiba_asakan.source_store: ネタを保存: 2026-07-31.json (2件)
2026-07-30 22:35:27,972 [INFO] chiba_asakan.pipeline: 収集結果: 取得=2 除外=0 候補(>=20点)=0
2026-07-30 22:35:27,972 [INFO] chiba_asakan.collect_news: === ネタ収集終了: 取得=2 候補=0 除外=0 ===
2026-08-02 22:27:33,108 [INFO] chiba_asakan.collect_news: === ネタ収集開始: date=2026-08-03 ===
2026-08-02 22:27:33,129 [INFO] chiba_asakan.sources.manager: ソース構築: 有効=4 / フィード設定済み=PR TIMES
2026-08-02 22:27:34,301 [INFO] chiba_asakan.sources: PR TIMES: 1 件取得
2026-08-02 22:27:34,301 [INFO] chiba_asakan.sources: 千葉県報道発表: 0 件取得
2026-08-02 22:27:34,301 [INFO] chiba_asakan.sources: ちば観光・イベント: 0 件取得
2026-08-02 22:27:34,301 [INFO] chiba_asakan.sources: 千葉の商業・経済: 0 件取得
2026-08-02 22:27:34,301 [INFO] chiba_asakan.sources.manager: 巡回完了: 合計 1 件（重複除去後）
2026-08-02 22:27:34,302 [INFO] chiba_asakan.source_store: ネタを保存: 2026-08-03.json (1件)
2026-08-02 22:27:34,302 [INFO] chiba_asakan.pipeline: 収集結果: 取得=1 除外=0 候補(>=20点)=0
2026-08-02 22:27:34,302 [INFO] chiba_asakan.collect_news: === ネタ収集終了: 取得=1 候補=0 除外=0 ===
2026-08-03 22:33:27,226 [INFO] chiba_asakan.collect_news: === ネタ収集開始: date=2026-08-04 ===
2026-08-03 22:33:27,241 [INFO] chiba_asakan.sources.manager: ソース構築: 有効=4 / フィード設定済み=PR TIMES
2026-08-03 22:33:28,033 [INFO] chiba_asakan.sources: PR TIMES: 5 件取得
2026-08-03 22:33:28,033 [INFO] chiba_asakan.sources: 千葉県報道発表: 0 件取得
2026-08-03 22:33:28,034 [INFO] chiba_asakan.sources: ちば観光・イベント: 0 件取得
2026-08-03 22:33:28,034 [INFO] chiba_asakan.sources: 千葉の商業・経済: 0 件取得
2026-08-03 22:33:28,034 [INFO] chiba_asakan.sources.manager: 巡回完了: 合計 5 件（重複除去後）
2026-08-03 22:33:28,035 [INFO] chiba_asakan.source_store: ネタを保存: 2026-08-04.json (5件)
2026-08-03 22:33:28,035 [INFO] chiba_asakan.pipeline: 収集結果: 取得=5 除外=0 候補(>=20点)=0
2026-08-03 22:33:28,035 [INFO] chiba_asakan.collect_news: === ネタ収集終了: 取得=5 候補=0 除外=0 ===
2026-08-04 22:35:35,631 [INFO] chiba_asakan.collect_news: === ネタ収集開始: date=2026-08-05 ===
2026-08-04 22:35:35,646 [INFO] chiba_asakan.sources.manager: ソース構築: 有効=4 / フィード設定済み=PR TIMES
2026-08-04 22:35:36,500 [INFO] chiba_asakan.sources: PR TIMES: 5 件取得
2026-08-04 22:35:36,501 [INFO] chiba_asakan.sources: 千葉県報道発表: 0 件取得
2026-08-04 22:35:36,501 [INFO] chiba_asakan.sources: ちば観光・イベント: 0 件取得
2026-08-04 22:35:36,501 [INFO] chiba_asakan.sources: 千葉の商業・経済: 0 件取得
2026-08-04 22:35:36,501 [INFO] chiba_asakan.sources.manager: 巡回完了: 合計 5 件（重複除去後）
2026-08-04 22:35:36,502 [INFO] chiba_asakan.source_store: ネタを保存: 2026-08-05.json (5件)
2026-08-04 22:35:36,502 [INFO] chiba_asakan.pipeline: 収集結果: 取得=5 除外=0 候補(>=20点)=0
2026-08-04 22:35:36,502 [INFO] chiba_asakan.collect_news: === ネタ収集終了: 取得=5 候補=0 除外=0 ===
2026-08-05 22:34:22,075 [INFO] chiba_asakan.collect_news: === ネタ収集開始: date=2026-08-06 ===
2026-08-05 22:34:22,082 [INFO] chiba_asakan.sources.manager: ソース構築: 有効=4 / フィード設定済み=PR TIMES
2026-08-05 22:34:22,772 [INFO] chiba_asakan.sources: PR TIMES: 3 件取得
2026-08-05 22:34:22,772 [INFO] chiba_asakan.sources: 千葉県報道発表: 0 件取得
2026-08-05 22:34:22,772 [INFO] chiba_asakan.sources: ちば観光・イベント: 0 件取得
2026-08-05 22:34:22,772 [INFO] chiba_asakan.sources: 千葉の商業・経済: 0 件取得
2026-08-05 22:34:22,772 [INFO] chiba_asakan.sources.manager: 巡回完了: 合計 3 件（重複除去後）
2026-08-05 22:34:22,773 [INFO] chiba_asakan.source_store: ネタを保存: 2026-08-06.json (3件)
2026-08-05 22:34:22,773 [INFO] chiba_asakan.pipeline: 収集結果: 取得=3 除外=0 候補(>=20点)=0
2026-08-05 22:34:22,773 [INFO] chiba_asakan.collect_news: === ネタ収集終了: 取得=3 候補=0 除外=0 ===
2026-08-07 01:03:43,123 [INFO] chiba_asakan.collect_news: === ネタ収集開始: date=2026-08-07 ===
2026-08-07 01:03:43,129 [INFO] chiba_asakan.sources.manager: ソース構築: 有効=4 / フィード設定済み=PR TIMES
2026-08-07 01:03:45,824 [INFO] chiba_asakan.sources: PR TIMES: 2 件取得
2026-08-07 01:03:45,824 [INFO] chiba_asakan.sources: 千葉県報道発表: 0 件取得
2026-08-07 01:03:45,824 [INFO] chiba_asakan.sources: ちば観光・イベント: 0 件取得
2026-08-07 01:03:45,824 [INFO] chiba_asakan.sources: 千葉の商業・経済: 0 件取得
2026-08-07 01:03:45,825 [INFO] chiba_asakan.sources.manager: 巡回完了: 合計 2 件（重複除去後）
2026-08-07 01:03:45,825 [INFO] chiba_asakan.source_store: ネタを保存: 2026-08-07.json (2件)
2026-08-07 01:03:45,825 [INFO] chiba_asakan.pipeline: 収集結果: 取得=2 除外=0 候補(>=20点)=0
2026-08-07 01:03:45,826 [INFO] chiba_asakan.collect_news: === ネタ収集終了: 取得=2 候補=0 除外=0 ===
2026-08-09 21:57:58,418 [INFO] chiba_asakan.collect_news: === ネタ収集開始: date=2026-08-10 ===
2026-08-09 21:57:58,424 [INFO] chiba_asakan.sources.manager: ソース構築: 有効=4 / フィード設定済み=PR TIMES
2026-08-09 21:57:59,481 [INFO] chiba_asakan.sources: PR TIMES: 5 件取得
2026-08-09 21:57:59,481 [INFO] chiba_asakan.sources: 千葉県報道発表: 0 件取得
2026-08-09 21:57:59,481 [INFO] chiba_asakan.sources: ちば観光・イベント: 0 件取得
2026-08-09 21:57:59,482 [INFO] chiba_asakan.sources: 千葉の商業・経済: 0 件取得
2026-08-09 21:57:59,482 [INFO] chiba_asakan.sources.manager: 巡回完了: 合計 5 件（重複除去後）
2026-08-09 21:57:59,483 [INFO] chiba_asakan.source_store: ネタを保存: 2026-08-10.json (5件)
2026-08-09 21:57:59,483 [INFO] chiba_asakan.pipeline: 収集結果: 取得=5 除外=0 候補(>=20点)=0
2026-08-09 21:57:59,483 [INFO] chiba_asakan.collect_news: === ネタ収集終了: 取得=5 候補=0 除外=0 ===
2026-08-10 22:06:16,477 [INFO] chiba_asakan.collect_news: === ネタ収集開始: date=2026-08-11 ===
2026-08-10 22:06:16,492 [INFO] chiba_asakan.sources.manager: ソース構築: 有効=4 / フィード設定済み=PR TIMES
2026-08-10 22:06:17,446 [INFO] chiba_asakan.sources: PR TIMES: 3 件取得
2026-08-10 22:06:17,446 [INFO] chiba_asakan.sources: 千葉県報道発表: 0 件取得
2026-08-10 22:06:17,446 [INFO] chiba_asakan.sources: ちば観光・イベント: 0 件取得
2026-08-10 22:06:17,446 [INFO] chiba_asakan.sources: 千葉の商業・経済: 0 件取得
2026-08-10 22:06:17,447 [INFO] chiba_asakan.sources.manager: 巡回完了: 合計 3 件（重複除去後）
2026-08-10 22:06:17,447 [INFO] chiba_asakan.source_store: ネタを保存: 2026-08-11.json (3件)
2026-08-10 22:06:17,448 [INFO] chiba_asakan.pipeline: 収集結果: 取得=3 除外=0 候補(>=20点)=0
2026-08-10 22:06:17,448 [INFO] chiba_asakan.collect_news: === ネタ収集終了: 取得=3 候補=0 除外=0 ===
2026-08-11 22:11:41,531 [INFO] chiba_asakan.collect_news: === ネタ収集開始: date=2026-08-12 ===
2026-08-11 22:11:41,537 [INFO] chiba_asakan.sources.manager: ソース構築: 有効=4 / フィード設定済み=PR TIMES
2026-08-11 22:11:42,477 [INFO] chiba_asakan.sources: PR TIMES: 10 件取得
2026-08-11 22:11:42,477 [INFO] chiba_asakan.sources: 千葉県報道発表: 0 件取得
2026-08-11 22:11:42,477 [INFO] chiba_asakan.sources: ちば観光・イベント: 0 件取得
2026-08-11 22:11:42,477 [INFO] chiba_asakan.sources: 千葉の商業・経済: 0 件取得
2026-08-11 22:11:42,477 [INFO] chiba_asakan.sources.manager: 巡回完了: 合計 10 件（重複除去後）
2026-08-11 22:11:42,479 [INFO] chiba_asakan.source_store: ネタを保存: 2026-08-12.json (10件)
2026-08-11 22:11:42,479 [INFO] chiba_asakan.pipeline: 収集結果: 取得=10 除外=0 候補(>=20点)=0
2026-08-11 22:11:42,479 [INFO] chiba_asakan.collect_news: === ネタ収集終了: 取得=10 候補=0 除外=0 ===
2026-08-12 22:10:20,779 [INFO] chiba_asakan.collect_news: === ネタ収集開始: date=2026-08-13 ===
2026-08-12 22:10:20,785 [INFO] chiba_asakan.sources.manager: ソース構築: 有効=4 / フィード設定済み=PR TIMES
2026-08-12 22:10:21,782 [INFO] chiba_asakan.sources: PR TIMES: 4 件取得
2026-08-12 22:10:21,782 [INFO] chiba_asakan.sources: 千葉県報道発表: 0 件取得
2026-08-12 22:10:21,782 [INFO] chiba_asakan.sources: ちば観光・イベント: 0 件取得
2026-08-12 22:10:21,783 [INFO] chiba_asakan.sources: 千葉の商業・経済: 0 件取得
2026-08-12 22:10:21,783 [INFO] chiba_asakan.sources.manager: 巡回完了: 合計 4 件（重複除去後）
2026-08-12 22:10:21,783 [INFO] chiba_asakan.source_store: ネタを保存: 2026-08-13.json (4件)
2026-08-12 22:10:21,784 [INFO] chiba_asakan.pipeline: 収集結果: 取得=4 除外=0 候補(>=20点)=0
2026-08-12 22:10:21,784 [INFO] chiba_asakan.collect_news: === ネタ収集終了: 取得=4 候補=0 除外=0 ===
2026-08-13 22:10:25,970 [INFO] chiba_asakan.collect_news: === ネタ収集開始: date=2026-08-14 ===
2026-08-13 22:10:25,984 [INFO] chiba_asakan.sources.manager: ソース構築: 有効=4 / フィード設定済み=PR TIMES
2026-08-13 22:10:26,912 [INFO] chiba_asakan.sources: PR TIMES: 4 件取得
2026-08-13 22:10:26,913 [INFO] chiba_asakan.sources: 千葉県報道発表: 0 件取得
2026-08-13 22:10:26,913 [INFO] chiba_asakan.sources: ちば観光・イベント: 0 件取得
2026-08-13 22:10:26,913 [INFO] chiba_asakan.sources: 千葉の商業・経済: 0 件取得
2026-08-13 22:10:26,913 [INFO] chiba_asakan.sources.manager: 巡回完了: 合計 4 件（重複除去後）
2026-08-13 22:10:26,914 [INFO] chiba_asakan.source_store: ネタを保存: 2026-08-14.json (4件)
2026-08-13 22:10:26,914 [INFO] chiba_asakan.pipeline: 収集結果: 取得=4 除外=0 候補(>=20点)=1
2026-08-13 22:10:26,914 [INFO] chiba_asakan.collect_news: === ネタ収集終了: 取得=4 候補=1 除外=0 ===
2026-08-16 21:44:04,580 [INFO] chiba_asakan.collect_news: === ネタ収集開始: date=2026-08-17 ===
2026-08-16 21:44:04,594 [INFO] chiba_asakan.sources.manager: ソース構築: 有効=4 / フィード設定済み=PR TIMES
2026-08-16 21:44:05,806 [INFO] chiba_asakan.sources: PR TIMES: 5 件取得
2026-08-16 21:44:05,806 [INFO] chiba_asakan.sources: 千葉県報道発表: 0 件取得
2026-08-16 21:44:05,806 [INFO] chiba_asakan.sources: ちば観光・イベント: 0 件取得
2026-08-16 21:44:05,806 [INFO] chiba_asakan.sources: 千葉の商業・経済: 0 件取得
2026-08-16 21:44:05,806 [INFO] chiba_asakan.sources.manager: 巡回完了: 合計 5 件（重複除去後）
2026-08-16 21:44:05,808 [INFO] chiba_asakan.source_store: ネタを保存: 2026-08-17.json (5件)
2026-08-16 21:44:05,808 [INFO] chiba_asakan.pipeline: 収集結果: 取得=5 除外=0 候補(>=20点)=0
2026-08-16 21:44:05,808 [INFO] chiba_asakan.collect_news: === ネタ収集終了: 取得=5 候補=0 除外=0 ===
2026-08-17 21:50:01,691 [INFO] chiba_asakan.collect_news: === ネタ収集開始: date=2026-08-18 ===
2026-08-17 21:50:01,697 [INFO] chiba_asakan.sources.manager: ソース構築: 有効=4 / フィード設定済み=PR TIMES
2026-08-17 21:50:02,575 [INFO] chiba_asakan.sources: PR TIMES: 1 件取得
2026-08-17 21:50:02,575 [INFO] chiba_asakan.sources: 千葉県報道発表: 0 件取得
2026-08-17 21:50:02,576 [INFO] chiba_asakan.sources: ちば観光・イベント: 0 件取得
2026-08-17 21:50:02,576 [INFO] chiba_asakan.sources: 千葉の商業・経済: 0 件取得
2026-08-17 21:50:02,576 [INFO] chiba_asakan.sources.manager: 巡回完了: 合計 1 件（重複除去後）
2026-08-17 21:50:02,576 [INFO] chiba_asakan.source_store: ネタを保存: 2026-08-18.json (1件)
2026-08-17 21:50:02,576 [INFO] chiba_asakan.pipeline: 収集結果: 取得=1 除外=0 候補(>=20点)=0
2026-08-17 21:50:02,577 [INFO] chiba_asakan.collect_news: === ネタ収集終了: 取得=1 候補=0 除外=0 ===
2026-08-18 21:47:23,626 [INFO] chiba_asakan.collect_news: === ネタ収集開始: date=2026-08-19 ===
2026-08-18 21:47:23,632 [INFO] chiba_asakan.sources.manager: ソース構築: 有効=4 / フィード設定済み=PR TIMES
2026-08-18 21:47:24,327 [INFO] chiba_asakan.sources: PR TIMES: 5 件取得
2026-08-18 21:47:24,327 [INFO] chiba_asakan.sources: 千葉県報道発表: 0 件取得
2026-08-18 21:47:24,327 [INFO] chiba_asakan.sources: ちば観光・イベント: 0 件取得
2026-08-18 21:47:24,328 [INFO] chiba_asakan.sources: 千葉の商業・経済: 0 件取得
2026-08-18 21:47:24,328 [INFO] chiba_asakan.sources.manager: 巡回完了: 合計 5 件（重複除去後）
2026-08-18 21:47:24,329 [INFO] chiba_asakan.source_store: ネタを保存: 2026-08-19.json (5件)
2026-08-18 21:47:24,329 [INFO] chiba_asakan.pipeline: 収集結果: 取得=5 除外=0 候補(>=20点)=0
2026-08-18 21:47:24,329 [INFO] chiba_asakan.collect_news: === ネタ収集終了: 取得=5 候補=0 除外=0 ===
2026-08-19 21:50:18,940 [INFO] chiba_asakan.collect_news: === ネタ収集開始: date=2026-08-20 ===
2026-08-19 21:50:18,957 [INFO] chiba_asakan.sources.manager: ソース構築: 有効=4 / フィード設定済み=PR TIMES
2026-08-19 21:50:20,681 [INFO] chiba_asakan.sources: PR TIMES: 2 件取得
2026-08-19 21:50:20,681 [INFO] chiba_asakan.sources: 千葉県報道発表: 0 件取得
2026-08-19 21:50:20,681 [INFO] chiba_asakan.sources: ちば観光・イベント: 0 件取得
2026-08-19 21:50:20,681 [INFO] chiba_asakan.sources: 千葉の商業・経済: 0 件取得
2026-08-19 21:50:20,681 [INFO] chiba_asakan.sources.manager: 巡回完了: 合計 2 件（重複除去後）
2026-08-19 21:50:20,682 [INFO] chiba_asakan.source_store: ネタを保存: 2026-08-20.json (2件)
2026-08-19 21:50:20,682 [INFO] chiba_asakan.pipeline: 収集結果: 取得=2 除外=0 候補(>=20点)=0
2026-08-19 21:50:20,682 [INFO] chiba_asakan.collect_news: === ネタ収集終了: 取得=2 候補=0 除外=0 ===
2026-08-20 21:53:35,290 [INFO] chiba_asakan.collect_news: === ネタ収集開始: date=2026-08-21 ===
2026-08-20 21:53:35,296 [INFO] chiba_asakan.sources.manager: ソース構築: 有効=4 / フィード設定済み=PR TIMES
2026-08-20 21:53:35,780 [INFO] chiba_asakan.sources: PR TIMES: 5 件取得
2026-08-20 21:53:35,781 [INFO] chiba_asakan.sources: 千葉県報道発表: 0 件取得
2026-08-20 21:53:35,781 [INFO] chiba_asakan.sources: ちば観光・イベント: 0 件取得
2026-08-20 21:53:35,781 [INFO] chiba_asakan.sources: 千葉の商業・経済: 0 件取得
2026-08-20 21:53:35,781 [INFO] chiba_asakan.sources.manager: 巡回完了: 合計 5 件（重複除去後）
2026-08-20 21:53:35,782 [INFO] chiba_asakan.source_store: ネタを保存: 2026-08-21.json (5件)
2026-08-20 21:53:35,782 [INFO] chiba_asakan.pipeline: 収集結果: 取得=5 除外=0 候補(>=20点)=0
2026-08-20 21:53:35,782 [INFO] chiba_asakan.collect_news: === ネタ収集終了: 取得=5 候補=0 除外=0 ===
2026-08-23 21:45:29,989 [INFO] chiba_asakan.collect_news: === ネタ収集開始: date=2026-08-24 ===
2026-08-23 21:45:30,005 [INFO] chiba_asakan.sources.manager: ソース構築: 有効=4 / フィード設定済み=PR TIMES
2026-08-23 21:45:31,012 [INFO] chiba_asakan.sources: PR TIMES: 6 件取得
2026-08-23 21:45:31,012 [INFO] chiba_asakan.sources: 千葉県報道発表: 0 件取得
2026-08-23 21:45:31,012 [INFO] chiba_asakan.sources: ちば観光・イベント: 0 件取得
2026-08-23 21:45:31,012 [INFO] chiba_asakan.sources: 千葉の商業・経済: 0 件取得
2026-08-23 21:45:31,012 [INFO] chiba_asakan.sources.manager: 巡回完了: 合計 6 件（重複除去後）
2026-08-23 21:45:31,013 [INFO] chiba_asakan.source_store: ネタを保存: 2026-08-24.json (6件)
2026-08-23 21:45:31,013 [INFO] chiba_asakan.pipeline: 収集結果: 取得=6 除外=0 候補(>=20点)=0
2026-08-23 21:45:31,013 [INFO] chiba_asakan.collect_news: === ネタ収集終了: 取得=6 候補=0 除外=0 ===
2026-08-24 21:53:23,254 [INFO] chiba_asakan.collect_news: === ネタ収集開始: date=2026-08-25 ===
2026-08-24 21:53:23,260 [INFO] chiba_asakan.sources.manager: ソース構築: 有効=4 / フィード設定済み=PR TIMES
2026-08-24 21:53:24,228 [INFO] chiba_asakan.sources: PR TIMES: 5 件取得
2026-08-24 21:53:24,228 [INFO] chiba_asakan.sources: 千葉県報道発表: 0 件取得
2026-08-24 21:53:24,228 [INFO] chiba_asakan.sources: ちば観光・イベント: 0 件取得
2026-08-24 21:53:24,228 [INFO] chiba_asakan.sources: 千葉の商業・経済: 0 件取得
2026-08-24 21:53:24,228 [INFO] chiba_asakan.sources.manager: 巡回完了: 合計 5 件（重複除去後）
2026-08-24 21:53:24,229 [INFO] chiba_asakan.source_store: ネタを保存: 2026-08-25.json (5件)
2026-08-24 21:53:24,229 [INFO] chiba_asakan.pipeline: 収集結果: 取得=5 除外=0 候補(>=20点)=0
2026-08-24 21:53:24,229 [INFO] chiba_asakan.collect_news: === ネタ収集終了: 取得=5 候補=0 除外=0 ===
2026-08-25 21:53:04,339 [INFO] chiba_asakan.collect_news: === ネタ収集開始: date=2026-08-26 ===
2026-08-25 21:53:04,345 [INFO] chiba_asakan.sources.manager: ソース構築: 有効=4 / フィード設定済み=PR TIMES
2026-08-25 21:53:05,206 [INFO] chiba_asakan.sources: PR TIMES: 11 件取得
2026-08-25 21:53:05,206 [INFO] chiba_asakan.sources: 千葉県報道発表: 0 件取得
2026-08-25 21:53:05,206 [INFO] chiba_asakan.sources: ちば観光・イベント: 0 件取得
2026-08-25 21:53:05,206 [INFO] chiba_asakan.sources: 千葉の商業・経済: 0 件取得
2026-08-25 21:53:05,206 [INFO] chiba_asakan.sources.manager: 巡回完了: 合計 11 件（重複除去後）
2026-08-25 21:53:05,208 [INFO] chiba_asakan.source_store: ネタを保存: 2026-08-26.json (11件)
2026-08-25 21:53:05,208 [INFO] chiba_asakan.pipeline: 収集結果: 取得=11 除外=0 候補(>=20点)=0
2026-08-25 21:53:05,208 [INFO] chiba_asakan.collect_news: === ネタ収集終了: 取得=11 候補=0 除外=0 ===
2026-08-27 00:57:20,712 [INFO] chiba_asakan.collect_news: === ネタ収集開始: date=2026-08-27 ===
2026-08-27 00:57:20,718 [INFO] chiba_asakan.sources.manager: ソース構築: 有効=4 / フィード設定済み=PR TIMES
2026-08-27 00:57:21,679 [INFO] chiba_asakan.sources: PR TIMES: 5 件取得
2026-08-27 00:57:21,680 [INFO] chiba_asakan.sources: 千葉県報道発表: 0 件取得
2026-08-27 00:57:21,680 [INFO] chiba_asakan.sources: ちば観光・イベント: 0 件取得
2026-08-27 00:57:21,680 [INFO] chiba_asakan.sources: 千葉の商業・経済: 0 件取得
2026-08-27 00:57:21,680 [INFO] chiba_asakan.sources.manager: 巡回完了: 合計 5 件（重複除去後）
2026-08-27 00:57:21,681 [INFO] chiba_asakan.source_store: ネタを保存: 2026-08-27.json (5件)
2026-08-27 00:57:21,681 [INFO] chiba_asakan.pipeline: 収集結果: 取得=5 除外=1 候補(>=20点)=0
2026-08-27 00:57:21,681 [INFO] chiba_asakan.collect_news: === ネタ収集終了: 取得=5 候補=0 除外=1 ===
2026-08-28 05:32:09,466 [INFO] chiba_asakan.collect_news: === ネタ収集開始: date=2026-08-28 ===
2026-08-28 05:32:09,479 [INFO] chiba_asakan.sources.manager: ソース構築: 有効=4 / フィード設定済み=PR TIMES
2026-08-28 05:32:10,652 [INFO] chiba_asakan.sources: PR TIMES: 7 件取得
2026-08-28 05:32:10,652 [INFO] chiba_asakan.sources: 千葉県報道発表: 0 件取得
2026-08-28 05:32:10,652 [INFO] chiba_asakan.sources: ちば観光・イベント: 0 件取得
2026-08-28 05:32:10,652 [INFO] chiba_asakan.sources: 千葉の商業・経済: 0 件取得
2026-08-28 05:32:10,652 [INFO] chiba_asakan.sources.manager: 巡回完了: 合計 7 件（重複除去後）
2026-08-28 05:32:10,653 [INFO] chiba_asakan.source_store: ネタを保存: 2026-08-28.json (7件)
2026-08-28 05:32:10,653 [INFO] chiba_asakan.pipeline: 収集結果: 取得=7 除外=0 候補(>=20点)=1
2026-08-28 05:32:10,654 [INFO] chiba_asakan.collect_news: === ネタ収集終了: 取得=7 候補=1 除外=0 ===
2026-08-30 23:41:21,972 [INFO] chiba_asakan.collect_news: === ネタ収集開始: date=2026-08-31 ===
2026-08-30 23:41:21,988 [INFO] chiba_asakan.sources.manager: ソース構築: 有効=4 / フィード設定済み=PR TIMES
2026-08-30 23:41:22,940 [INFO] chiba_asakan.sources: PR TIMES: 4 件取得
2026-08-30 23:41:22,940 [INFO] chiba_asakan.sources: 千葉県報道発表: 0 件取得
2026-08-30 23:41:22,940 [INFO] chiba_asakan.sources: ちば観光・イベント: 0 件取得
2026-08-30 23:41:22,940 [INFO] chiba_asakan.sources: 千葉の商業・経済: 0 件取得
2026-08-30 23:41:22,940 [INFO] chiba_asakan.sources.manager: 巡回完了: 合計 4 件（重複除去後）
2026-08-30 23:41:22,941 [INFO] chiba_asakan.source_store: ネタを保存: 2026-08-31.json (4件)
2026-08-30 23:41:22,941 [INFO] chiba_asakan.pipeline: 収集結果: 取得=4 除外=1 候補(>=20点)=0
2026-08-30 23:41:22,941 [INFO] chiba_asakan.collect_news: === ネタ収集終了: 取得=4 候補=0 除外=1 ===
2026-09-01 00:43:17,579 [INFO] chiba_asakan.collect_news: === ネタ収集開始: date=2026-09-01 ===
2026-09-01 00:43:17,598 [INFO] chiba_asakan.sources.manager: ソース構築: 有効=4 / フィード設定済み=PR TIMES
2026-09-01 00:43:18,640 [INFO] chiba_asakan.sources: PR TIMES: 6 件取得
2026-09-01 00:43:18,640 [INFO] chiba_asakan.sources: 千葉県報道発表: 0 件取得
2026-09-01 00:43:18,640 [INFO] chiba_asakan.sources: ちば観光・イベント: 0 件取得
2026-09-01 00:43:18,640 [INFO] chiba_asakan.sources: 千葉の商業・経済: 0 件取得
2026-09-01 00:43:18,640 [INFO] chiba_asakan.sources.manager: 巡回完了: 合計 6 件（重複除去後）
2026-09-01 00:43:18,641 [INFO] chiba_asakan.source_store: ネタを保存: 2026-09-01.json (6件)
2026-09-01 00:43:18,641 [INFO] chiba_asakan.pipeline: 収集結果: 取得=6 除外=1 候補(>=20点)=0
2026-09-01 00:43:18,641 [INFO] chiba_asakan.collect_news: === ネタ収集終了: 取得=6 候補=0 除外=1 ===
2026-09-01 23:28:01,558 [INFO] chiba_asakan.collect_news: === ネタ収集開始: date=2026-09-02 ===
2026-09-01 23:28:01,563 [INFO] chiba_asakan.sources.manager: ソース構築: 有効=4 / フィード設定済み=PR TIMES
2026-09-01 23:28:01,875 [INFO] chiba_asakan.sources: PR TIMES: 7 件取得
2026-09-01 23:28:01,875 [INFO] chiba_asakan.sources: 千葉県報道発表: 0 件取得
2026-09-01 23:28:01,875 [INFO] chiba_asakan.sources: ちば観光・イベント: 0 件取得
2026-09-01 23:28:01,875 [INFO] chiba_asakan.sources: 千葉の商業・経済: 0 件取得
2026-09-01 23:28:01,876 [INFO] chiba_asakan.sources.manager: 巡回完了: 合計 7 件（重複除去後）
2026-09-01 23:28:01,877 [INFO] chiba_asakan.source_store: ネタを保存: 2026-09-02.json (7件)
2026-09-01 23:28:01,877 [INFO] chiba_asakan.pipeline: 収集結果: 取得=7 除外=1 候補(>=20点)=1
2026-09-01 23:28:01,877 [INFO] chiba_asakan.collect_news: === ネタ収集終了: 取得=7 候補=1 除外=1 ===
